<?xml version="1.0" encoding="utf-8"?><testsuites name="pytest tests"><testsuite name="pytest" errors="0" failures="0" skipped="0" tests="14" time="67.594" timestamp="2025-08-21T16:36:17.494590+02:00" hostname="GGFR-V11SP-249"><testcase classname="tests.test_basic" name="test_pipeline_basic" time="0.002" /><testcase classname="tests.test_basic" name="test_imports" time="6.697" /><testcase classname="tests.test_basic" name="test_app_structure" time="0.105" /><testcase classname="tests.test_basic" name="test_database_models" time="0.832" /><testcase classname="tests.test_10_simple" name="test_01_python_version" time="0.001" /><testcase classname="tests.test_10_simple" name="test_02_required_files_exist" time="0.003" /><testcase classname="tests.test_10_simple" name="test_03_imports_basic" time="0.003" /><testcase classname="tests.test_10_simple" name="test_04_app_directory_structure" time="0.003" /><testcase classname="tests.test_10_simple" name="test_05_quality_files_present" time="0.004" /><testcase classname="tests.test_10_simple" name="test_06_test_directory_structure" time="0.030" /><testcase classname="tests.test_10_simple" name="test_07_config_files_readable" time="0.182" /><testcase classname="tests.test_10_simple" name="test_08_data_directory" time="0.003" /><testcase classname="tests.test_10_simple" name="test_09_requirements_file_valid" time="0.090" /><testcase classname="tests.test_10_simple" name="test_10_pipeline_script_executable" time="0.108" /></testsuite></testsuites>